BranchNamedMsg       -> cmd=nil frameChanged=false focus=1/true armed=false modal="" view=0 sel=s1 open=true focused=true zoom=false diff=0 files=0 gate=0 tracker=-1 filter="" note=false
BrowsedMsg           -> cmd=nil frameChanged=false focus=1/true armed=false modal="" view=0 sel=s1 open=true focused=true zoom=false diff=0 files=0 gate=0 tracker=-1 filter="" note=false
ClipboardMsg         -> cmd=tea.setClipboardMsg frameChanged=false focus=1/true armed=false modal="" view=0 sel=s1 open=true focused=true zoom=false diff=0 files=0 gate=0 tracker=-1 filter="" note=false
DiffLoadedMsg        -> cmd=nil frameChanged=false focus=1/true armed=false modal="" view=0 sel=s1 open=true focused=true zoom=false diff=0 files=0 gate=0 tracker=-1 filter="" note=false
FilesLoadedMsg       -> cmd=ui.generatedMsg frameChanged=false focus=1/true armed=false modal="" view=0 sel=s1 open=true focused=true zoom=false diff=0 files=0 gate=0 tracker=-1 filter="" note=false
GateMsg              -> cmd=nil frameChanged=false focus=1/true armed=false modal="" view=0 sel=s1 open=true focused=true zoom=false diff=0 files=0 gate=0 tracker=-1 filter="" note=false
IssueTickMsg         -> cmd=[[ui.IssuesLoadedMsg,ui.IssuesLoadedMsg],pending] frameChanged=false focus=1/true armed=false modal="" view=0 sel=s1 open=true focused=true zoom=false diff=0 files=0 gate=0 tracker=-1 filter="" note=false
IssuesLoadedMsg      -> cmd=nil frameChanged=false focus=1/true armed=false modal="" view=0 sel=s1 open=true focused=true zoom=false diff=0 files=0 gate=0 tracker=-1 filter="" note=false
ItemLoadedMsg        -> cmd=nil frameChanged=false focus=1/true armed=false modal="" view=0 sel=s1 open=true focused=true zoom=false diff=0 files=0 gate=0 tracker=-1 filter="" note=false
ModelNamedMsg        -> cmd=nil frameChanged=false focus=1/true armed=false modal="" view=0 sel=s1 open=true focused=true zoom=false diff=0 files=0 gate=0 tracker=-1 filter="" note=false
NamedMsg             -> cmd=nil frameChanged=false focus=1/true armed=false modal="" view=0 sel=s1 open=true focused=true zoom=false diff=0 files=0 gate=0 tracker=-1 filter="" note=false
PRTickMsg            -> cmd=[[ui.PRsLoadedMsg,ui.PRsLoadedMsg],pending] frameChanged=false focus=1/true armed=false modal="" view=0 sel=s1 open=true focused=true zoom=false diff=0 files=0 gate=0 tracker=-1 filter="" note=false
PRsLoadedMsg         -> cmd=nil frameChanged=false focus=1/true armed=false modal="" view=0 sel=s1 open=true focused=true zoom=false diff=0 files=0 gate=0 tracker=-1 filter="" note=false
ProjectsProposedMsg  -> cmd=nil frameChanged=false focus=1/true armed=false modal="" view=0 sel=s1 open=true focused=true zoom=false diff=0 files=0 gate=0 tracker=-1 filter="" note=false
RepoStatMsg          -> cmd=nil frameChanged=true focus=1/true armed=false modal="" view=0 sel=s1 open=true focused=true zoom=false diff=0 files=0 gate=0 tracker=-1 filter="" note=false
RevertedMsg          -> cmd=ui.DiffLoadedMsg frameChanged=true focus=1/true armed=false modal="" view=0 sel=s1 open=true focused=true zoom=false diff=0 files=0 gate=0 tracker=-1 filter="" note=false
SessionsProposedMsg  -> cmd=nil frameChanged=false focus=1/true armed=false modal="" view=0 sel=s1 open=true focused=true zoom=false diff=0 files=0 gate=0 tracker=-1 filter="" note=false
ShippedMsg           -> cmd=ui.PRsLoadedMsg frameChanged=true focus=1/true armed=false modal="" view=0 sel=s1 open=true focused=true zoom=false diff=0 files=0 gate=0 tracker=-1 filter="" note=false
SpinTickMsg          -> cmd=nil frameChanged=false focus=1/true armed=false modal="" view=0 sel=s1 open=true focused=true zoom=false diff=0 files=0 gate=0 tracker=-1 filter="" note=false
StatTickMsg          -> cmd=pending frameChanged=false focus=1/true armed=false modal="" view=0 sel=s1 open=true focused=true zoom=false diff=0 files=0 gate=0 tracker=-1 filter="" note=false
StatusMsg            -> cmd=[ui.DiffLoadedMsg,ui.PRsLoadedMsg] frameChanged=true focus=1/true armed=false modal="" view=0 sel=s1 open=true focused=true zoom=false diff=0 files=0 gate=0 tracker=-1 filter="" note=false
SweepTickMsg         -> cmd=[none,none] frameChanged=true focus=1/true armed=false modal="" view=0 sel=s1 open=true focused=true zoom=false diff=0 files=0 gate=0 tracker=-1 filter="" note=false
TickMsg              -> cmd=pending frameChanged=false focus=1/true armed=false modal="" view=0 sel=s1 open=true focused=true zoom=false diff=0 files=0 gate=0 tracker=-1 filter="" note=false
TurnLoadedMsg        -> cmd=nil frameChanged=false focus=1/true armed=false modal="" view=0 sel=s1 open=true focused=true zoom=false diff=0 files=0 gate=0 tracker=-1 filter="" note=false
TurnSnappedMsg       -> cmd=nil frameChanged=false focus=1/true armed=false modal="" view=0 sel=s1 open=true focused=true zoom=false diff=0 files=0 gate=0 tracker=-1 filter="" note=false
WorktreeRemovedMsg   -> cmd=nil frameChanged=false focus=1/true armed=false modal="" view=0 sel=s1 open=true focused=true zoom=false diff=0 files=0 gate=0 tracker=-1 filter="" note=false
coverageMsg          -> cmd=nil frameChanged=false focus=1/true armed=false modal="" view=0 sel=s1 open=true focused=true zoom=false diff=0 files=0 gate=0 tracker=-1 filter="" note=false
generatedMsg         -> cmd=nil frameChanged=false focus=1/true armed=false modal="" view=0 sel=s1 open=true focused=true zoom=false diff=0 files=0 gate=0 tracker=-1 filter="" note=false
previewRestMsg       -> cmd=nil frameChanged=false focus=1/true armed=false modal="" view=0 sel=s1 open=true focused=true zoom=false diff=0 files=0 gate=0 tracker=-1 filter="" note=false
sessionRelaunchMsg   -> cmd=none frameChanged=true focus=1/true armed=false modal="" view=0 sel=s1 open=true focused=true zoom=false diff=0 files=0 gate=0 tracker=-1 filter="" note=false
tea.BlurMsg          -> cmd=nil frameChanged=false focus=1/true armed=false modal="" view=0 sel=s1 open=true focused=true zoom=false diff=0 files=0 gate=0 tracker=-1 filter="" note=false
tea.FocusMsg         -> cmd=[[ui.IssuesLoadedMsg,ui.IssuesLoadedMsg],[ui.PRsLoadedMsg,ui.PRsLoadedMsg]] frameChanged=false focus=1/true armed=false modal="" view=0 sel=s1 open=true focused=true zoom=false diff=0 files=0 gate=0 tracker=-1 filter="" note=false
tea.KeyPressMsg      -> cmd=nil frameChanged=true focus=1/true armed=false modal="" view=0 sel=s1 open=true focused=true zoom=false diff=1 files=0 gate=0 tracker=-1 filter="" note=false
tea.MouseMsg         -> cmd=nil frameChanged=false focus=1/true armed=false modal="" view=0 sel=s1 open=true focused=true zoom=false diff=0 files=0 gate=0 tracker=-1 filter="" note=false
tea.PasteEndMsg      -> cmd=nil frameChanged=false focus=1/true armed=false modal="" view=0 sel=s1 open=true focused=true zoom=false diff=0 files=0 gate=0 tracker=-1 filter="" note=false
tea.PasteMsg         -> cmd=nil frameChanged=false focus=1/true armed=false modal="" view=0 sel=s1 open=true focused=true zoom=false diff=0 files=0 gate=0 tracker=-1 filter="" note=false
tea.PasteStartMsg    -> cmd=nil frameChanged=false focus=1/true armed=false modal="" view=0 sel=s1 open=true focused=true zoom=false diff=0 files=0 gate=0 tracker=-1 filter="" note=false
tea.WindowSizeMsg    -> cmd=nil frameChanged=true focus=1/true armed=false modal="" view=0 sel=s1 open=true focused=true zoom=false diff=0 files=0 gate=0 tracker=-1 filter="" note=false
(unrouted)           -> cmd=nil frameChanged=false focus=1/true armed=false modal="" view=0 sel=s1 open=true focused=true zoom=false diff=0 files=0 gate=0 tracker=-1 filter="" note=false
