 projects · 2               │ omatty ▎ main             │ diff · this turn · ⚠ n
────────────────────────────┼───────────────────────────┼─ diff ───────────────×
  ▾ omatty                  │session one                │ …/ui/model.go +1 -0   
▎ ○ main                    │                           │ @@ -10,4 +10,5 @@ func
▎                           │                           │      a := 1           
▎                           │                           │      b := 3           
  ○ parser-fix              │                           │ +    c := 4           
                            │                           │      return           
                            │                           │  }                    
  ▾ api-svc                 │                           │                       
  ○ main                    │                           │                       
                            │                           │                       
                            │                           │                       
                            │                           │                       
                            │                           │                       
                            │                           │                       
                            │                           │                       
                            │                           │                       
                            │                           │                       
                            │                           │                       
                            │                           │                       
                            │                           │                       
                            │                           │                       
 j/k move  c comment  d delete  o open  S submit  esc back  ctrl+o ? keys       