[38;5;245m projects · 2               [m[38;5;238m│[m[38;5;245m [38;5;245momatty[m [38;5;245m▎[m main                                         [m[38;5;238m│[m[1;38;5;253m go.mod · 3/3                      [m
[38;5;238m────────────────────────────[m[38;5;238m┼[m[38;5;238m───────────────────────────────────────────────────────[m[38;5;238m┼[m[38;5;238m─ preview ────────────────────────[m[38;5;75m×[m
  [38;5;245m▾ omatty                  [m[38;5;238m│[msession one                                            [38;5;75m│[m    1  module omatty               
[38;5;75m▎[m [38;5;245m○[m [1;38;5;253mmain              [m [38;5;245m    [m [38;5;238m│[m                                                       [38;5;75m│[m    2                              
[38;5;75m▎[m                           [38;5;238m│[m                                                       [38;5;75m│[m    3  go [38;5;170m1.26[0m                     
[38;5;75m▎[m                           [38;5;238m│[m                                                       [38;5;75m│[m                                   
  [38;5;245m○[m [38;5;250mparser-fix        [m [38;5;245m    [m [38;5;238m│[m                                                       [38;5;75m│[m                                   
                            [38;5;238m│[m                                                       [38;5;75m│[m                                   
                            [38;5;238m│[m                                                       [38;5;75m│[m                                   
  [38;5;245m▾ api-svc                 [m[38;5;238m│[m                                                       [38;5;75m│[m                                   
  [38;5;245m○[m [38;5;250mmain              [m [38;5;245m    [m [38;5;238m│[m                                                       [38;5;75m│[m                                   
                            [38;5;238m│[m                                                       [38;5;75m│[m                                   
                            [38;5;238m│[m                                                       [38;5;75m│[m                                   
                            [38;5;238m│[m                                                       [38;5;75m│[m                                   
                            [38;5;238m│[m                                                       [38;5;75m│[m                                   
                            [38;5;238m│[m                                                       [38;5;75m│[m                                   
                            [38;5;238m│[m                                                       [38;5;75m│[m                                   
                            [38;5;238m│[m                                                       [38;5;75m│[m                                   
                            [38;5;238m│[m                                                       [38;5;75m│[m                                   
                            [38;5;238m│[m                                                       [38;5;75m│[m                                   
                            [38;5;238m│[m                                                       [38;5;75m│[m                                   
                            [38;5;238m│[m                                                       [38;5;75m│[m                                   
                            [38;5;238m│[m                                                       [38;5;75m│[m                                   
                            [38;5;238m│[m                                                       [38;5;75m│[m                                   
                            [38;5;238m│[m                                                       [38;5;75m│[m                                   
                            [38;5;238m│[m                                                       [38;5;75m│[m                                   
                            [38;5;238m│[m                                                       [38;5;75m│[m                                   
                            [38;5;238m│[m                                                       [38;5;75m│[m                                   
                            [38;5;238m│[m                                                       [38;5;75m│[m                                   
[38;5;245m h/l/0 pan  enter open  / filter  a attach  o diff  esc back  ctrl+o ? keys[m                                   [38;5;245m3 sessions[m