 projects · 3               │ omatty ▎ main             │ tracker · omatty · 1/3
────────────────────────────┼───────────────────────────┼─ tracker ────────────×
  ▾ omatty             2i 1p│session one                │ ── issues ────────────
▎ ○ main                    │                           │ #399  filter the    2d
▎                           │                           │ #396  the tracke    2h
▎                           │                           │ ── pull requests ─────
  ○ parser-fix              │                           │ #402   ✓  header   <1m
                            │                           │                       
                            │                           │                       
  ▾ api-svc                 │                           │                       
  ○ main                    │                           │                       
                            │                           │                       
                            │                           │                       
  empty                     │                           │                       
                            │                           │                       
                            │                           │                       
                            │                           │                       
                            │                           │                       
                            │                           │                       
                            │                           │                       
                            │                           │                       
                            │                           │                       
                            │                           │                       
 enter read  / filter  n session  a attach  b browser  esc back  ctrl+o ? keys  