 projects · 3               │ omatty ▎ main                                         │ tracker · omatty · 2 issues · 1 pr
────────────────────────────┼───────────────────────────────────────────────────────┼─ tracker ────────────────────────×
  ▾ omatty             2i 1p│session one                                            │ ── issues ────────────────────────
▎ ○ main                    │                                                       │ #399  feat      filter the t    2d
▎                           │                                                       │ #396  feat      the tracker     2h
▎                           │                                                       │ ── pull requests ─────────────────
  ○ parser-fix              │                                                       │ #402   ✓  header counts        <1m
                            │                                                       │                                   
                            │                                                       │                                   
  ▾ api-svc                 │                                                       │                                   
  ○ main                    │                                                       │                                   
                            │                                                       │                                   
                            │                                                       │                                   
  empty                     │                                                       │                                   
                            │                                                       │                                   
                            │                                                       │                                   
                            │                                                       │                                   
                            │                                                       │                                   
                            │                                                       │                                   
                            │                                                       │                                   
                            │                                                       │                                   
                            │                                                       │                                   
                            │                                                       │                                   
                            │                                                       │                                   
                            │                                                       │                                   
                            │                                                       │                                   
                            │                                                       │                                   
                            │                                                       │                                   
                            │                                                       │                                   
 enter read  / filter  n session  a attach  b browser  esc back  ctrl+o ? keys                                3 sessions