[38;5;245m projects · 3               [m[38;5;238m│[m[38;5;245m [38;5;245momatty[m [38;5;245m▎[m main                                         [m[38;5;238m│[m[1;38;5;253m tracker · omatty · 2 issues · 1 pr[m
[38;5;238m────────────────────────────[m[38;5;238m┼[m[38;5;238m───────────────────────────────────────────────────────[m[38;5;238m┼[m[38;5;238m─ tracker ────────────────────────[m[38;5;75m×[m
  [38;5;245m▾ omatty             2i 1p[m[38;5;238m│[msession one                                            [38;5;75m│[m ── issues ────────────────────────
[38;5;75m▎[m [38;5;245m○[m [1;38;5;253mmain              [m [38;5;245m    [m [38;5;238m│[m                                                       [38;5;75m│[m [7m#399  feat      filter the t    2d[m
[38;5;75m▎[m                           [38;5;238m│[m                                                       [38;5;75m│[m #396  feat      the tracker     2h
[38;5;75m▎[m                           [38;5;238m│[m                                                       [38;5;75m│[m ── pull requests ─────────────────
  [38;5;245m○[m [38;5;250mparser-fix        [m [38;5;245m    [m [38;5;238m│[m                                                       [38;5;75m│[m #402   ✓  header counts        <1m
                            [38;5;238m│[m                                                       [38;5;75m│[m                                   
                            [38;5;238m│[m                                                       [38;5;75m│[m                                   
  [38;5;245m▾ api-svc                 [m[38;5;238m│[m                                                       [38;5;75m│[m                                   
  [38;5;245m○[m [38;5;250mmain              [m [38;5;245m    [m [38;5;238m│[m                                                       [38;5;75m│[m                                   
                            [38;5;238m│[m                                                       [38;5;75m│[m                                   
                            [38;5;238m│[m                                                       [38;5;75m│[m                                   
  [38;5;245mempty                     [m[38;5;238m│[m                                                       [38;5;75m│[m                                   
                            [38;5;238m│[m                                                       [38;5;75m│[m                                   
                            [38;5;238m│[m                                                       [38;5;75m│[m                                   
                            [38;5;238m│[m                                                       [38;5;75m│[m                                   
                            [38;5;238m│[m                                                       [38;5;75m│[m                                   
                            [38;5;238m│[m                                                       [38;5;75m│[m                                   
                            [38;5;238m│[m                                                       [38;5;75m│[m                                   
                            [38;5;238m│[m                                                       [38;5;75m│[m                                   
                            [38;5;238m│[m                                                       [38;5;75m│[m                                   
                            [38;5;238m│[m                                                       [38;5;75m│[m                                   
                            [38;5;238m│[m                                                       [38;5;75m│[m                                   
                            [38;5;238m│[m                                                       [38;5;75m│[m                                   
                            [38;5;238m│[m                                                       [38;5;75m│[m                                   
                            [38;5;238m│[m                                                       [38;5;75m│[m                                   
                            [38;5;238m│[m                                                       [38;5;75m│[m                                   
                            [38;5;238m│[m                                                       [38;5;75m│[m                                   
[38;5;245m enter read  / filter  n session  a attach  b browser  esc back  ctrl+o ? keys[m                                [38;5;245m3 sessions[m