[38;5;245m projects · 2               [m[38;5;238m│[m[38;5;245m [38;5;245momatty[m [38;5;245m▎[m main             [m[38;5;238m│[m[1;38;5;253m diff · this turn · ⚠ n[m
[38;5;238m────────────────────────────[m[38;5;238m┼[m[38;5;238m───────────────────────────[m[38;5;238m┼[m[38;5;238m─ diff ───────────────[m[38;5;75m×[m
  [38;5;245m▾ omatty                  [m[38;5;238m│[msession one                [38;5;75m│[m [7m…/ui/model.go +1 -0   [m
[38;5;75m▎[m [38;5;245m○[m [1;38;5;253mmain              [m [38;5;245m    [m [38;5;238m│[m                           [38;5;75m│[m [38;5;245m@@ -10,4 +10,5 @@ func[m
[38;5;75m▎[m                           [38;5;238m│[m                           [38;5;75m│[m      a := [38;5;170m1[0m           
[38;5;75m▎[m                           [38;5;238m│[m                           [38;5;75m│[m      b := [38;5;170m3[0m           
  [38;5;245m○[m [38;5;250mparser-fix        [m [38;5;245m    [m [38;5;238m│[m                           [38;5;75m│[m [38;5;78m+[m    c := [38;5;170m4[0m           
                            [38;5;238m│[m                           [38;5;75m│[m      [38;5;111mreturn[0m           
                            [38;5;238m│[m                           [38;5;75m│[m  }                    
  [38;5;245m▾ api-svc                 [m[38;5;238m│[m                           [38;5;75m│[m                       
  [38;5;245m○[m [38;5;250mmain              [m [38;5;245m    [m [38;5;238m│[m                           [38;5;75m│[m                       
                            [38;5;238m│[m                           [38;5;75m│[m                       
                            [38;5;238m│[m                           [38;5;75m│[m                       
                            [38;5;238m│[m                           [38;5;75m│[m                       
                            [38;5;238m│[m                           [38;5;75m│[m                       
                            [38;5;238m│[m                           [38;5;75m│[m                       
                            [38;5;238m│[m                           [38;5;75m│[m                       
                            [38;5;238m│[m                           [38;5;75m│[m                       
                            [38;5;238m│[m                           [38;5;75m│[m                       
                            [38;5;238m│[m                           [38;5;75m│[m                       
                            [38;5;238m│[m                           [38;5;75m│[m                       
                            [38;5;238m│[m                           [38;5;75m│[m                       
                            [38;5;238m│[m                           [38;5;75m│[m                       
[38;5;245m j/k move  c comment  d delete  o open  S submit  esc back  ctrl+o ? keys[m       