[38;5;245m projects · 2               [m[38;5;238m│[m[38;5;245m [38;5;245momatty[m [38;5;245m▎[m main             [m[38;5;238m│[m[1;38;5;253m gate · 1 failing · 1/4[m
[38;5;238m────────────────────────────[m[38;5;238m┼[m[38;5;238m───────────────────────────[m[38;5;238m┼[m[38;5;238m─ gate ───────────────[m[38;5;75m×[m
  [38;5;245m▾ omatty                  [m[38;5;238m│[msession one                [38;5;75m│[m [7m  ✓ fmt           $ fm[m
[38;5;75m▎[m [38;5;245m○[m [1;38;5;253mmain              [m [38;5;245m    [m [38;5;238m│[m                           [38;5;75m│[m   [38;5;78m✓[m vet           $ ve
[38;5;75m▎[m                           [38;5;238m│[m                           [38;5;75m│[m   [38;5;203m✗[m test          $ te
[38;5;75m▎[m   ✓✓✗·  test              [38;5;238m│[m                           [38;5;75m│[m   [38;5;245m·[m cov           $ co
  [38;5;245m○[m [38;5;250mparser-fix        [m [38;5;245m    [m [38;5;238m│[m                           [38;5;75m│[m                       
                            [38;5;238m│[m                           [38;5;75m│[m                       
                            [38;5;238m│[m                           [38;5;75m│[m                       
  [38;5;245m▾ api-svc                 [m[38;5;238m│[m                           [38;5;75m│[m                       
  [38;5;245m○[m [38;5;250mmain              [m [38;5;245m    [m [38;5;238m│[m                           [38;5;75m│[m                       
                            [38;5;238m│[m                           [38;5;75m│[m                       
                            [38;5;238m│[m                           [38;5;75m│[m                       
                            [38;5;238m│[m                           [38;5;75m│[m                       
                            [38;5;238m│[m                           [38;5;75m│[m                       
                            [38;5;238m│[m                           [38;5;75m│[m                       
                            [38;5;238m│[m                           [38;5;75m│[m                       
                            [38;5;238m│[m                           [38;5;75m│[m                       
                            [38;5;238m│[m                           [38;5;75m│[m                       
                            [38;5;238m│[m                           [38;5;75m│[m                       
                            [38;5;238m│[m                           [38;5;75m│[m                       
                            [38;5;238m│[m                           [38;5;75m│[m                       
                            [38;5;238m│[m                           [38;5;75m│[m                       
[38;5;245m j/k move  enter output  S send  r rerun  / search  esc back  ctrl+o ? keys[m     