[38;5;245m projects · 2               [m[38;5;238m│[m[1;38;5;253m new session                                       [m
[38;5;238m────────────────────────────[m[38;5;238m┼[m[38;5;238m───────────────────────────────────────────────────[m
  [38;5;245m▾ omatty                  [m[38;5;75m│[m                                                   
[38;5;75m▎[m [38;5;245m○[m [1;38;5;253mmain              [m [38;5;245m    [m [38;5;75m│[msession title (blank: named by its first prompt): _
[38;5;75m▎[m                           [38;5;75m│[m                                                   
[38;5;75m▎[m                           [38;5;75m│[menter to confirm, esc to cancel                    
  [38;5;245m○[m [38;5;250mparser-fix        [m [38;5;245m    [m [38;5;75m│[m                                                   
                            [38;5;75m│[m                                                   
                            [38;5;75m│[m                                                   
  [38;5;245m▾ api-svc                 [m[38;5;75m│[m                                                   
  [38;5;245m○[m [38;5;250mmain              [m [38;5;245m    [m [38;5;75m│[m                                                   
                            [38;5;75m│[m                                                   
                            [38;5;75m│[m                                                   
                            [38;5;75m│[m                                                   
                            [38;5;75m│[m                                                   
                            [38;5;75m│[m                                                   
                            [38;5;75m│[m                                                   
                            [38;5;75m│[m                                                   
                            [38;5;75m│[m                                                   
                            [38;5;75m│[m                                                   
                            [38;5;75m│[m                                                   
                            [38;5;75m│[m                                                   
                            [38;5;75m│[m                                                   
[38;5;245m enter confirm  esc cancel  ctrl+c quit[m                               [38;5;245m3 sessions[m