 projects · 7               │ p2 ▎ t                                            
────────────────────────────┼───────────────────────────────────────────────────
  ▾ p0                      │p2-s0                                              
  ○ t                       │                                                   
                            │                                                   
                            │                                                   
  ○ t                       │                                                   
                            │                                                   
                            │                                                   
  ▾ p1                      │                                                   
  ○ t                       │                                                   
                            │                                                   
                            │                                                   
  ○ t                       │                                                   
                            │                                                   
                            │                                                   
  ▾ p2                      │                                                   
▎ ○ t                       │                                                   
▎                           │                                                   
▎                           │                                                   
  ○ t                       │                                                   
                            │                                                   
                            │                                                   
 ctrl+o q quit  ctrl+o ? keys  ctrl+o j/k switch  ctrl+o n new  ctrl+o d diff   