[38;5;245m projects · 7               [m[38;5;238m│[m[1;38;5;253m [38;5;245mp2[m [38;5;75m▎[m t                                                                                    [m
[38;5;238m────────────────────────────[m[38;5;238m┼[m[38;5;238m───────────────────────────────────────────────────────────────────────────────────────────[m
  [38;5;245m▾ p0                      [m[38;5;75m│[mp2-s0                                                                                      
  [38;5;245m○[m [38;5;250mt                 [m [38;5;245m    [m [38;5;75m│[m                                                                                           
                            [38;5;75m│[m                                                                                           
                            [38;5;75m│[m                                                                                           
  [38;5;245m○[m [38;5;250mt                 [m [38;5;245m    [m [38;5;75m│[m                                                                                           
                            [38;5;75m│[m                                                                                           
                            [38;5;75m│[m                                                                                           
  [38;5;245m▾ p1                      [m[38;5;75m│[m                                                                                           
  [38;5;245m○[m [38;5;250mt                 [m [38;5;245m    [m [38;5;75m│[m                                                                                           
                            [38;5;75m│[m                                                                                           
                            [38;5;75m│[m                                                                                           
  [38;5;245m○[m [38;5;250mt                 [m [38;5;245m    [m [38;5;75m│[m                                                                                           
                            [38;5;75m│[m                                                                                           
                            [38;5;75m│[m                                                                                           
  [38;5;245m▾ p2                      [m[38;5;75m│[m                                                                                           
[38;5;75m▎[m [38;5;245m○[m [1;38;5;253mt                 [m [38;5;245m    [m [38;5;75m│[m                                                                                           
[38;5;75m▎[m                           [38;5;75m│[m                                                                                           
[38;5;75m▎[m                           [38;5;75m│[m                                                                                           
  [38;5;245m○[m [38;5;250mt                 [m [38;5;245m    [m [38;5;75m│[m                                                                                           
                            [38;5;75m│[m                                                                                           
                            [38;5;75m│[m                                                                                           
  [38;5;245m▾ p3                      [m[38;5;75m│[m                                                                                           
  [38;5;245m○[m [38;5;250mt                 [m [38;5;245m    [m [38;5;75m│[m                                                                                           
                            [38;5;75m│[m                                                                                           
                            [38;5;75m│[m                                                                                           
                            [38;5;75m│[m                                                                                           
                            [38;5;75m│[m                                                                                           
[38;5;245m ctrl+o q quit  ctrl+o ? keys  ctrl+o j/k switch  ctrl+o n new  ctrl+o d diff[m                                [38;5;245m14 sessions[m