 projects · 3               │ omatty ▎ main                                         │ #397 · omatty · 9/9               
────────────────────────────┼───────────────────────────────────────────────────────┼─ tracker ────────────────────────×
  ▾ omatty             1i 1p│session one                                            │ #397  read one item               
▎ ○ main                    │                                                       │ opened by WilsonSousajr · 1d ago  
▎                           │                                                       │                                   
▎                           │                                                       │ A list of titles says what is     
  ○ parser-fix              │                                                       │ open; what they are about needs   
                            │                                                       │ the body.                         
                            │                                                       │                                   
  ▾ api-svc                 │                                                       │ ── someone · <1m ─────────────────
  ○ main                    │                                                       │ and the comments under it         
                            │                                                       │                                   
                            │                                                       │                                   
  empty                     │                                                       │                                   
                            │                                                       │                                   
                            │                                                       │                                   
                            │                                                       │                                   
                            │                                                       │                                   
                            │                                                       │                                   
                            │                                                       │                                   
                            │                                                       │                                   
                            │                                                       │                                   
                            │                                                       │                                   
                            │                                                       │                                   
                            │                                                       │                                   
                            │                                                       │                                   
                            │                                                       │                                   
                            │                                                       │                                   
                            │                                                       │                                   
 r read again  n session  a attach  b browser  esc list  ctrl+o ? keys                                        3 sessions