 projects · 3               │ omatty ▎ main             │ #397 · omatty · 12/12 
────────────────────────────┼───────────────────────────┼─ tracker ────────────×
  ▾ omatty             1i 1p│session one                │ #397  read one item   
▎ ○ main                    │                           │ opened by             
▎                           │                           │ WilsonSousajr · 1d ago
▎                           │                           │                       
  ○ parser-fix              │                           │ A list of titles says 
                            │                           │ what is open; what    
                            │                           │ they are about needs  
  ▾ api-svc                 │                           │ the body.             
  ○ main                    │                           │                       
                            │                           │ ── someone · <1m ─────
                            │                           │ and the comments under
  empty                     │                           │ it                    
                            │                           │                       
                            │                           │                       
                            │                           │                       
                            │                           │                       
                            │                           │                       
                            │                           │                       
                            │                           │                       
                            │                           │                       
                            │                           │                       
 r read again  n session  a attach  b browser  esc list  ctrl+o ? keys          