 projects · 2               │ omatty ▎ main                                         │ files · main · 1/3                
────────────────────────────┼───────────────────────────────────────────────────────┼─ files ──────────────────────────×
  ▾ omatty                  │session one                                            │  M ▸ internal/                    
▎ ○ main                    │                                                       │    go.mod                         
▎                           │                                                       │  A new.txt                        
▎                           │                                                       │                                   
  ○ parser-fix              │                                                       │                                   
                            │                                                       │                                   
                            │                                                       │                                   
  ▾ api-svc                 │                                                       │                                   
  ○ main                    │                                                       │                                   
                            │                                                       │                                   
                            │                                                       │                                   
                            │                                                       │                                   
                            │                                                       │                                   
                            │                                                       │                                   
                            │                                                       │                                   
                            │                                                       │                                   
                            │                                                       │                                   
                            │                                                       │                                   
                            │                                                       │                                   
                            │                                                       │                                   
                            │                                                       │                                   
                            │                                                       │                                   
                            │                                                       │                                   
                            │                                                       │                                   
                            │                                                       │                                   
                            │                                                       │                                   
                            │                                                       │                                   
 h/l/0 pan  enter open  / filter  a attach  o diff  esc back  ctrl+o ? keys                                   3 sessions