BranchNamedMsg       -> cmd=nil pty=0 frameChanged=false focus=1/true armed=false modal="" view=0 sel=s1 open=true focused=true zoom=false diff=0 files=0 gate=0 tracker=-1 filter="" note=false frame=db4b0f60
BrowsedMsg           -> cmd=nil pty=0 frameChanged=false focus=1/true armed=false modal="" view=0 sel=s1 open=true focused=true zoom=false diff=0 files=0 gate=0 tracker=-1 filter="" note=false frame=db4b0f60
ClipboardMsg         -> cmd=tea.setClipboardMsg pty=0 frameChanged=false focus=1/true armed=false modal="" view=0 sel=s1 open=true focused=true zoom=false diff=0 files=0 gate=0 tracker=-1 filter="" note=false frame=db4b0f60
DiffLoadedMsg        -> cmd=nil pty=0 frameChanged=false focus=1/true armed=false modal="" view=0 sel=s1 open=true focused=true zoom=false diff=0 files=0 gate=0 tracker=-1 filter="" note=false frame=db4b0f60
FilesLoadedMsg       -> cmd=app.generatedMsg pty=0 frameChanged=false focus=1/true armed=false modal="" view=0 sel=s1 open=true focused=true zoom=false diff=0 files=0 gate=0 tracker=-1 filter="" note=false frame=db4b0f60
GateMsg              -> cmd=nil pty=0 frameChanged=false focus=1/true armed=false modal="" view=0 sel=s1 open=true focused=true zoom=false diff=0 files=0 gate=0 tracker=-1 filter="" note=false frame=db4b0f60
IssueTickMsg         -> cmd=[[app.IssuesLoadedMsg,app.IssuesLoadedMsg],pending] pty=0 frameChanged=false focus=1/true armed=false modal="" view=0 sel=s1 open=true focused=true zoom=false diff=0 files=0 gate=0 tracker=-1 filter="" note=false frame=db4b0f60
IssuesLoadedMsg      -> cmd=nil pty=0 frameChanged=false focus=1/true armed=false modal="" view=0 sel=s1 open=true focused=true zoom=false diff=0 files=0 gate=0 tracker=-1 filter="" note=false frame=db4b0f60
ItemLoadedMsg        -> cmd=nil pty=0 frameChanged=false focus=1/true armed=false modal="" view=0 sel=s1 open=true focused=true zoom=false diff=0 files=0 gate=0 tracker=-1 filter="" note=false frame=db4b0f60
ModelNamedMsg        -> cmd=app.persistedMsg pty=0 frameChanged=false focus=1/true armed=false modal="" view=0 sel=s1 open=true focused=true zoom=false diff=0 files=0 gate=0 tracker=-1 filter="" note=false frame=db4b0f60
NamedMsg             -> cmd=app.persistedMsg pty=0 frameChanged=false focus=1/true armed=false modal="" view=0 sel=s1 open=true focused=true zoom=false diff=0 files=0 gate=0 tracker=-1 filter="" note=false frame=db4b0f60
PRTickMsg            -> cmd=[[app.PRsLoadedMsg,app.PRsLoadedMsg],pending] pty=0 frameChanged=false focus=1/true armed=false modal="" view=0 sel=s1 open=true focused=true zoom=false diff=0 files=0 gate=0 tracker=-1 filter="" note=false frame=db4b0f60
PRsLoadedMsg         -> cmd=nil pty=0 frameChanged=false focus=1/true armed=false modal="" view=0 sel=s1 open=true focused=true zoom=false diff=0 files=0 gate=0 tracker=-1 filter="" note=false frame=db4b0f60
ProjectsProposedMsg  -> cmd=nil pty=0 frameChanged=false focus=1/true armed=false modal="" view=0 sel=s1 open=true focused=true zoom=false diff=0 files=0 gate=0 tracker=-1 filter="" note=false frame=db4b0f60
RepoStatMsg          -> cmd=nil pty=0 frameChanged=true focus=1/true armed=false modal="" view=0 sel=s1 open=true focused=true zoom=false diff=0 files=0 gate=0 tracker=-1 filter="" note=false frame=93f0cdde
RevertedMsg          -> cmd=app.DiffLoadedMsg pty=0 frameChanged=true focus=1/true armed=false modal="" view=0 sel=s1 open=true focused=true zoom=false diff=0 files=0 gate=0 tracker=-1 filter="" note=false frame=3c97bb54
SessionsProposedMsg  -> cmd=nil pty=0 frameChanged=false focus=1/true armed=false modal="" view=0 sel=s1 open=true focused=true zoom=false diff=0 files=0 gate=0 tracker=-1 filter="" note=false frame=db4b0f60
ShippedMsg           -> cmd=app.PRsLoadedMsg pty=0 frameChanged=true focus=1/true armed=false modal="" view=0 sel=s1 open=true focused=true zoom=false diff=0 files=0 gate=0 tracker=-1 filter="" note=false frame=7f90f49e
SpinTickMsg          -> cmd=nil pty=0 frameChanged=false focus=1/true armed=false modal="" view=0 sel=s1 open=true focused=true zoom=false diff=0 files=0 gate=0 tracker=-1 filter="" note=false frame=db4b0f60
StatTickMsg          -> cmd=pending pty=0 frameChanged=false focus=1/true armed=false modal="" view=0 sel=s1 open=true focused=true zoom=false diff=0 files=0 gate=0 tracker=-1 filter="" note=false frame=db4b0f60
StatusMsg            -> cmd=[app.DiffLoadedMsg,app.PRsLoadedMsg] pty=0 frameChanged=true focus=1/true armed=false modal="" view=0 sel=s1 open=true focused=true zoom=false diff=0 files=0 gate=0 tracker=-1 filter="" note=false frame=eaae3ab3
SweepTickMsg         -> cmd=[none,none] pty=0 frameChanged=true focus=1/true armed=false modal="" view=0 sel=s1 open=true focused=true zoom=false diff=0 files=0 gate=0 tracker=-1 filter="" note=false frame=ca00d089
TickMsg              -> cmd=pending pty=0 frameChanged=false focus=1/true armed=false modal="" view=0 sel=s1 open=true focused=true zoom=false diff=0 files=0 gate=0 tracker=-1 filter="" note=false frame=db4b0f60
TurnLoadedMsg        -> cmd=nil pty=0 frameChanged=false focus=1/true armed=false modal="" view=0 sel=s1 open=true focused=true zoom=false diff=0 files=0 gate=0 tracker=-1 filter="" note=false frame=db4b0f60
TurnSnappedMsg       -> cmd=nil pty=0 frameChanged=false focus=1/true armed=false modal="" view=0 sel=s1 open=true focused=true zoom=false diff=0 files=0 gate=0 tracker=-1 filter="" note=false frame=db4b0f60
WorktreeRemovedMsg   -> cmd=nil pty=0 frameChanged=false focus=1/true armed=false modal="" view=0 sel=s1 open=true focused=true zoom=false diff=0 files=0 gate=0 tracker=-1 filter="" note=false frame=db4b0f60
coverageMsg          -> cmd=nil pty=0 frameChanged=false focus=1/true armed=false modal="" view=0 sel=s1 open=true focused=true zoom=false diff=0 files=0 gate=0 tracker=-1 filter="" note=false frame=db4b0f60
generatedMsg         -> cmd=nil pty=0 frameChanged=false focus=1/true armed=false modal="" view=0 sel=s1 open=true focused=true zoom=false diff=0 files=0 gate=0 tracker=-1 filter="" note=false frame=db4b0f60
persistedMsg         -> cmd=nil pty=0 frameChanged=false focus=1/true armed=false modal="" view=0 sel=s1 open=true focused=true zoom=false diff=0 files=0 gate=0 tracker=-1 filter="" note=false frame=db4b0f60
previewRestMsg       -> cmd=nil pty=0 frameChanged=false focus=1/true armed=false modal="" view=0 sel=s1 open=true focused=true zoom=false diff=0 files=0 gate=0 tracker=-1 filter="" note=false frame=db4b0f60
sessionCreatedMsg    -> cmd=nil pty=0 frameChanged=true focus=1/true armed=false modal="" view=0 sel=s1 open=true focused=true zoom=false diff=0 files=0 gate=0 tracker=-1 filter="" note=false frame=2ae424c8
sessionRelaunchMsg   -> cmd=app.sessionStartedMsg pty=0 frameChanged=false focus=1/true armed=false modal="" view=0 sel=s1 open=true focused=true zoom=false diff=0 files=0 gate=0 tracker=-1 filter="" note=false frame=db4b0f60
sessionStartedMsg    -> cmd=nil pty=0 frameChanged=true focus=1/true armed=false modal="" view=0 sel=s1 open=true focused=true zoom=false diff=0 files=0 gate=0 tracker=-1 filter="" note=false frame=331d4bac
tea.BlurMsg          -> cmd=nil pty=0 frameChanged=false focus=1/true armed=false modal="" view=0 sel=s1 open=true focused=true zoom=false diff=0 files=0 gate=0 tracker=-1 filter="" note=false frame=db4b0f60
tea.FocusMsg         -> cmd=[[app.IssuesLoadedMsg,app.IssuesLoadedMsg],[app.PRsLoadedMsg,app.PRsLoadedMsg]] pty=0 frameChanged=false focus=1/true armed=false modal="" view=0 sel=s1 open=true focused=true zoom=false diff=0 files=0 gate=0 tracker=-1 filter="" note=false frame=db4b0f60
tea.KeyPressMsg      -> cmd=nil pty=0 frameChanged=true focus=1/true armed=false modal="" view=0 sel=s1 open=true focused=true zoom=false diff=1 files=0 gate=0 tracker=-1 filter="" note=false frame=adb50a7c
tea.MouseMsg         -> cmd=nil pty=0 frameChanged=false focus=1/true armed=false modal="" view=0 sel=s1 open=true focused=true zoom=false diff=0 files=0 gate=0 tracker=-1 filter="" note=false frame=db4b0f60
tea.PasteEndMsg      -> cmd=nil pty=0 frameChanged=false focus=1/true armed=false modal="" view=0 sel=s1 open=true focused=true zoom=false diff=0 files=0 gate=0 tracker=-1 filter="" note=false frame=db4b0f60
tea.PasteMsg         -> cmd=nil pty=0 frameChanged=false focus=1/true armed=false modal="" view=0 sel=s1 open=true focused=true zoom=false diff=0 files=0 gate=0 tracker=-1 filter="" note=false frame=db4b0f60
tea.PasteStartMsg    -> cmd=nil pty=0 frameChanged=false focus=1/true armed=false modal="" view=0 sel=s1 open=true focused=true zoom=false diff=0 files=0 gate=0 tracker=-1 filter="" note=false frame=db4b0f60
tea.WindowSizeMsg    -> cmd=nil pty=0 frameChanged=true focus=1/true armed=false modal="" view=0 sel=s1 open=true focused=true zoom=false diff=0 files=0 gate=0 tracker=-1 filter="" note=false frame=8e7ee1ee
(unrouted)           -> cmd=nil pty=3 frameChanged=false focus=1/true armed=false modal="" view=0 sel=s1 open=true focused=true zoom=false diff=0 files=0 gate=0 tracker=-1 filter="" note=false frame=db4b0f60
